// Jest Snapshot v1, https://goo.gl/fbAQLP

exports[`ScannerPanel.vue matches snapshot 1`] = `
<div class="card">
    <div class="card-header">
        <div class="card-title h5">Scanner</div>
        <div class="card-subtitle text-gray text-small">There are 0 unidentified objects within scanner range</div>
    </div>
    <div class="card-image">
        <img src="temporary_radar.jpg" class="img-responsive">
    </div>
    <div class="card-body">
        <div class="columns column col-12 action-panel">
            <div class="column ">
                <input type="number">
            </div>
        </div>
    </div>
    <div class="card-footer">
        <button class="btn btn-primary">Send</button>
        <button class="btn btn-primary">Scan</button>
    </div>
</div>
`;
